C51 COMPILER V9.57.0.0   MAIN                                                              06/07/2018 09:51:48 PAGE 1   


C51 COMPILER V9.57.0.0, COMPILATION OF MODULE MAIN
OBJECT MODULE PLACED IN .\Objects\main.obj
COMPILER INVOKED BY: D:\keil4_c51\C51\BIN\C51.EXE src\main.c OPTIMIZE(8,SPEED) BROWSE INCDIR(.\inc) DEBUG OBJECTEXTEND P
                    -RINT(.\Listings\main.lst) TABS(2) OBJECT(.\Objects\main.obj)

line level    source

   1          #include "poe_m.h"
   2          #include "uart.h"
   3          #include "timer.h"
   4          #include "i2c.h"
   5          #include "STC8xxxx.h"
   6          
   7          //========================================================================
   8          // function:    any delay function
   9          // description: delay time in while
  10          // parameter:   void
  11          // return:      void
  12          // version:     V1.0, 2018-1-11
  13          //========================================================================
  14          void delay(uint8_t time){
  15   1        for(;time>0;time--);
  16   1      }
  17          void debug_delay(uint8_t time){
  18   1        for(;time>0;time--)
  19   1          delay(255);
  20   1      }
  21          
  22          //========================================================================
  23          // function:    timeEvent_Process
  24          // description: cyclicity_event and deferred_event proccess
  25          // parameter:   a timerx tick
  26          // return:      void
  27          // version:     V2.0, 2018-4-24
  28          //========================================================================
  29          void timeEvent_Process(uint8_t new_tick){
  30   1        static uint8_t old_tick = 0;
  31   1        static uint8_t cnt_tick = 0;
  32   1        cnt_tick = new_tick-old_tick;
  33   1        if(0 == cnt_tick) return;
  34   1        old_tick = new_tick;
  35   1      
  36   1      #if (DEBUG)
  37   1        timeEv_UARTRx1Rst(cnt_tick);
  38   1      #endif
  39   1        timeEv_getGsta(cnt_tick);
  40   1        timeEv_pwrled(cnt_tick);
  41   1        timeEv_open_den(cnt_tick);
  42   1        timeEv_getIU(cnt_tick);
  43   1      }
  44          
  45          //========================================================================
  46          // function:    main
  47          // description: main
  48          // parameter:   void
  49          // return:      void
  50          // version:     V2.0, 2018-4-24
  51          //========================================================================
  52          void main(void){
  53   1        EAXSFR();
  54   1        PORT_INIT();
C51 COMPILER V9.57.0.0   MAIN                                                              06/07/2018 09:51:48 PAGE 2   

  55   1        TIMER1_config();
  56   1        WDG_config();
  57   1        i2c_config();
  58   1      #if (DEBUG)
  59   1        UART1_config();
  60   1      #endif
  61   1        EA = 1; //enable interuupt_
  62   1        while(1){
  63   2      #if (DEBUG)
  64   2          UART1_RxProcess();
  65   2          UART1_TxProcess();
  66   2      #endif
  67   2          timeEvent_Process(get_timer1tick());
  68   2          WDG_freed();
  69   2        }
  70   1      }
  71          


MODULE INFORMATION:   STATIC OVERLAYABLE
   CODE SIZE        =    127    ----
   CONSTANT SIZE    =   ----    ----
   XDATA SIZE       =   ----    ----
   PDATA SIZE       =   ----    ----
   DATA SIZE        =      2    ----
   IDATA SIZE       =   ----    ----
   BIT SIZE         =   ----    ----
END OF MODULE INFORMATION.


C51 COMPILATION COMPLETE.  0 WARNING(S),  0 ERROR(S)
