C51 COMPILER V9.57.0.0   TT9980                                                            06/18/2018 14:10:40 PAGE 1   


C51 COMPILER V9.57.0.0, COMPILATION OF MODULE TT9980
OBJECT MODULE PLACED IN .\Objects\tt9980.obj
COMPILER INVOKED BY: D:\keil4_c51\C51\BIN\C51.EXE src\tt9980.c OPTIMIZE(8,SPEED) BROWSE INCDIR(.\inc) DEBUG OBJECTEXTEND
                    - PRINT(.\Listings\tt9980.lst) TABS(2) OBJECT(.\Objects\tt9980.obj)

line level    source

   1          #include "tt9980.h"
   2          #include "i2c.h"
   3          #include "poe_m.h"
   4          #include "STC8xxxx.H"
   5          
   6          uint8_t tt_write(uint8_t reg, uint8_t dat){
   7   1        uint8_t xdata dev = 0, state = dat, trys = 3, ret = 0;
   8   1        for(dev=0; dev<MAX_DEVICE; dev++){  //set 2th class
   9   2          trys = 3;
  10   2          do{
  11   3            ret = i2c_write(i2c_salve[dev], reg, &dat, 1);
  12   3          }while(ret && trys--);
  13   2        }
  14   1        return ret;
  15   1      }
  16          
  17          uint8_t tt_read(uint8_t dev, uint8_t reg, uint8_t *dat){
  18   1        uint8_t xdata ret = 0, trys = 3;
  19   1        do{
  20   2          ret = i2c_read(i2c_salve[dev], reg, dat, 1);
  21   2        }while(ret && trys--);
  22   1        return ret;
  23   1      }


MODULE INFORMATION:   STATIC OVERLAYABLE
   CODE SIZE        =    149    ----
   CONSTANT SIZE    =   ----    ----
   XDATA SIZE       =   ----       6
   PDATA SIZE       =   ----    ----
   DATA SIZE        =   ----       7
   IDATA SIZE       =   ----    ----
   BIT SIZE         =   ----    ----
END OF MODULE INFORMATION.


C51 COMPILATION COMPLETE.  0 WARNING(S),  0 ERROR(S)
