C51 COMPILER V9.57.0.0   TT9980                                                            06/07/2018 11:22:53 PAGE 1   


C51 COMPILER V9.57.0.0, COMPILATION OF MODULE TT9980
OBJECT MODULE PLACED IN .\Objects\tt9980.obj
COMPILER INVOKED BY: D:\keil4_c51\C51\BIN\C51.EXE src\tt9980.c OPTIMIZE(8,SPEED) BROWSE INCDIR(.\inc) DEBUG OBJECTEXTEND
                    - PRINT(.\Listings\tt9980.lst) TABS(2) OBJECT(.\Objects\tt9980.obj)

line level    source

   1          #include "tt9980.h"
   2          #include "i2c.h"
   3          #include "STC8xxxx.H"
   4          
   5          void set_DET(uint8_t dev, uint8_t ch, uint8_t state){
   6   1        uint8_t old_state = 0, ret = 0, trys = 3;
   7   1        do{
   8   2          ret = i2c_read(TT9980x_ADDR+dev, DET_EN, &old_state, 1);
   9   2        }while(ret && trys--);
  10   1        if(!ret){
  11   2          if(state)
  12   2            state = 0x11<<ch;
  13   2          else
  14   2            state = 0;
  15   2          old_state &= ~state;
  16   2          old_state |= state;
  17   2          trys = 3;
  18   2          do{
  19   3            ret = i2c_write(TT9980x_ADDR+dev, DET_EN, &old_state, 1);
  20   3          }while(ret && trys--);
  21   2        }
  22   1      }


MODULE INFORMATION:   STATIC OVERLAYABLE
   CODE SIZE        =    110    ----
   CONSTANT SIZE    =   ----    ----
   XDATA SIZE       =   ----    ----
   PDATA SIZE       =   ----    ----
   DATA SIZE        =   ----       5
   IDATA SIZE       =   ----    ----
   BIT SIZE         =   ----    ----
END OF MODULE INFORMATION.


C51 COMPILATION COMPLETE.  0 WARNING(S),  0 ERROR(S)
