C51 COMPILER V9.57.0.0   TT9980                                                            05/25/2018 20:13:42 PAGE 1   


C51 COMPILER V9.57.0.0, COMPILATION OF MODULE TT9980
OBJECT MODULE PLACED IN .\Objects\tt9980.obj
COMPILER INVOKED BY: D:\keil4_c51\C51\BIN\C51.EXE src\tt9980.c OPTIMIZE(8,SPEED) BROWSE INCDIR(.\inc) DEBUG OBJECTEXTEND
                    - PRINT(.\Listings\tt9980.lst) TABS(2) OBJECT(.\Objects\tt9980.obj)

line level    source

   1          #include "tt9980.h"
   2          #include "i2c.h"
   3          #include "STC8xxxx.H"
   4          
   5          void set_WorkMode(uint8_t slave, uint8_t mode){
   6   1        i2c_write(TT9980x_ADDR+slave, WORK_MODE, &mode, 1);
   7   1      }
   8          
   9          void set_DetAuto(uint8_t slave, uint8_t det){
  10   1        i2c_write(TT9980x_ADDR+slave, DET_EN, &det, 1);
  11   1      }
  12          
  13          uint8_t get_PwrState(uint8_t slave, uint8_t* state){
  14   1        uint8_t ret=0;
  15   1        ret = i2c_read(TT9980x_ADDR+slave, PWR_STATE, state, 1);
  16   1        return ret;
  17   1      }
  18          
  19          uint8_t get_Current(uint8_t slave, uint8_t* pbuf){
  20   1        uint8_t ret=0;
  21   1        ret = i2c_read(TT9980x_ADDR+slave, I1_L, pbuf, U4_H-I1_L+1);
  22   1        return ret;
  23   1      }
  24          


MODULE INFORMATION:   STATIC OVERLAYABLE
   CODE SIZE        =     68    ----
   CONSTANT SIZE    =   ----    ----
   XDATA SIZE       =   ----    ----
   PDATA SIZE       =   ----    ----
   DATA SIZE        =   ----       2
   IDATA SIZE       =   ----    ----
   BIT SIZE         =   ----    ----
END OF MODULE INFORMATION.


C51 COMPILATION COMPLETE.  0 WARNING(S),  0 ERROR(S)
